Microchip MPLAB XC8 Compiler V2.40

Linker command line:

-W-3 \
  --edf=C:\Program Files\Microchip\xc8\v2.40\pic\dat\20220703182018_en.msgs \
  -cn -h+dist/default/debug\Proyecto.X.debug.sym \
  --cmf=dist/default/debug\Proyecto.X.debug.cmf -z -Q18F4550 \
  -oC:\Users\acer\AppData\Local\Temp\xcAsh9s.4 \
  -Mdist/default/debug/Proyecto.X.debug.map \
  --md=C:\Users\acer\AppData\Local\Temp\xcAsh9s.dat -E1 -ver=XC8 Compiler \
  -ACODE=00h-07D3Fh -ACONST=00h-07D3Fh \
  -ASMALLCONST=0800h-08FFhx117,07D00h-07D3Fh -AMEDIUMCONST=0800h-07D3Fh \
  -ACOMRAM=01h-05Fh -AABS1=00h-03EEh,0400h-07FFh \
  -ABIGRAM=01h-03EEh,0400h-07FFh \
  -ARAM=060h-0FFh,0100h-01FFhx2,0300h-03EEh,0400h-04FFhx4 -ABANK0=060h-0FFh \
  -ABANK1=0100h-01FFh -ABANK2=0200h-02FFh -ABANK3=0300h-03EEh \
  -ABANK4=0400h-04FFh -ABANK5=0500h-05FFh -ABANK6=0600h-06FFh \
  -ABANK7=0700h-07FFh \
  -ASFR=0F60h-0F9Bh,0F9Dh-0FD3h,0FD5h-0FDAh,0FE0h-0FE2h,0FE8h-0FEAh,0FF0h-0FFBh \
  -ABIGSFR=0F60h-0F9Bh,0F9Dh-0FD3h,0FD5h-0FDAh,0FE0h-0FE2h,0FE8h-0FEAh,0FF0h-0FFBh \
  -ACONFIG=0300000h-030000Dh -AIDLOC=0200000h-0200007h \
  -AEEDATA=0F00000h-0F000FFh -peeprom_data=EEDATA \
  -preset_vec=00h,intcode=08h,intcodelo,powerup,init -pramtop=0800h \
  -psmallconst=SMALLCONST -pmediumconst=MEDIUMCONST -pconst=CONST \
  -AFARRAM=00h-00h \
  -prdata=COMRAM,nvrram=COMRAM,nvbit=COMRAM,rbss=COMRAM,rbit=COMRAM \
  -pfarbss=FARRAM,fardata=FARRAM,nvFARRAM=FARRAM \
  -pintsave_regs=BIGRAM,bigbss=BIGRAM,bigdata=BIGRAM -pbss=RAM \
  -pidata=CODE,irdata=CODE,ibigdata=CODE,ifardata=CODE -prparam=COMRAM \
  C:\Users\acer\AppData\Local\Temp\xcAsh9s.obj \
  dist/default/debug\Proyecto.X.debug.obj 

Object code version is 3.11

Machine type is 18F4550



                Name                               Link     Load   Length Selector   Space Scale
C:\Users\acer\AppData\Local\Temp\xcAsh9s.obj
                idloc                            200000   200000        8        0       5
                config                           300000   300000        E        0       4
                init                                  E        E        4        4       0
                reset_vec                             0        0        6        0       0
dist/default/debug\Proyecto.X.debug.obj
                intcode                               8        8        6        4       0
                idloc                            200000   200000        8        0       5
                config                           300000   300000        E        0       4
                temp                                 3B       3B        1        1       1
                smallconst                          800      800       90      400       0
                text31                             132C     132C        E      448       0
                text30                              F20      F20       66      448       0
                text29                             10C2     10C2       46      448       0
                text28                             130A     130A       14      448       0
                text27                             12E0     12E0       16      448       0
                text26                             12CA     12CA       16      448       0
                text25                             11C0     11C0       28      448       0
                text24                             102A     102A       52      448       0
                text23                             12B4     12B4       16      448       0
                text22                             1234     1234       26      448       0
                text21                              D54      D54       CA      448       0
                intcode_body                        AAE      AAE       F4      448       0
                text19                             125A     125A       18      448       0
                text18                             131E     131E        E      448       0
                text17                              EBA      EBA       66      448       0
                text16                             107C     107C       46      448       0
                text15                             12F6     12F6       14      448       0
                text14                              E1E      E1E       9C      448       0
                text13                             129E     129E       16      448       0
                text12                             1288     1288       16      448       0
                text11                             120E     120E       26      448       0
                text10                              C8A      C8A       CA      448       0
                text9                              11E8     11E8       26      448       0
                text8                              1272     1272       16      448       0
                text7                              1198     1198       28      448       0
                text6                               FD8      FD8       52      448       0
                text5                              133A     133A        C      448       0
                text4                              1108     1108       3A      448       0
                text3                              116E     116E       2A      448       0
                text2                               BA2      BA2       E8      448       0
                text1                               F86      F86       52      448       0
                text0                               890      890      21E      448       0
                cstackCOMRAM                          1        1       2B        1       1
                dataCOMRAM                           3A       3A        1        1       1
                bssCOMRAM                            2C       2C        E        1       1
                cinit                              1142     1142       2C      448       0
                idataCOMRAM                        1346     1346        1      448       0

TOTAL           Name                               Link     Load   Length     Space
        CLASS   CODE           
                intcode                               8        8        6         0
                init                                  E        E        4         0
                reset_vec                             0        0        6         0
                text31                             132C     132C        E         0
                text30                              F20      F20       66         0
                text29                             10C2     10C2       46         0
                text28                             130A     130A       14         0
                text27                             12E0     12E0       16         0
                text26                             12CA     12CA       16         0
                text25                             11C0     11C0       28         0
                text24                             102A     102A       52         0
                text23                             12B4     12B4       16         0
                text22                             1234     1234       26         0
                text21                              D54      D54       CA         0
                intcode_body                        AAE      AAE       F4         0
                text19                             125A     125A       18         0
                text18                             131E     131E        E         0
                text17                              EBA      EBA       66         0
                text16                             107C     107C       46         0
                text15                             12F6     12F6       14         0
                text14                              E1E      E1E       9C         0
                text13                             129E     129E       16         0
                text12                             1288     1288       16         0
                text11                             120E     120E       26         0
                text10                              C8A      C8A       CA         0
                text9                              11E8     11E8       26         0
                text8                              1272     1272       16         0
                text7                              1198     1198       28         0
                text6                               FD8      FD8       52         0
                text5                              133A     133A        C         0
                text4                              1108     1108       3A         0
                text3                              116E     116E       2A         0
                text2                               BA2      BA2       E8         0
                text1                               F86      F86       52         0
                text0                               890      890      21E         0
                cinit                              1142     1142       2C         0
                idataCOMRAM                        1346     1346        1         0

        CLASS   CONST          

        CLASS   SMALLCONST     
                smallconst                          800      800       90         0

        CLASS   MEDIUMCONST    

        CLASS   COMRAM         
                temp                                 3B       3B        1         1
                cstackCOMRAM                          1        1       2B         1
                dataCOMRAM                           3A       3A        1         1
                bssCOMRAM                            2C       2C        E         1

        CLASS   ABS1           

        CLASS   BIGRAM         

        CLASS   RAM            

        CLASS   BANK0          

        CLASS   BANK1          

        CLASS   BANK2          

        CLASS   BANK3          

        CLASS   BANK4          

        CLASS   BANK5          

        CLASS   BANK6          

        CLASS   BANK7          

        CLASS   SFR            

        CLASS   BIGSFR         

        CLASS   CONFIG         
                config                           300000   300000        E         4

        CLASS   IDLOC          
                idloc                            200000   200000        8         5

        CLASS   EEDATA         

        CLASS   FARRAM         

        CLASS   HEAP           

        CLASS   STACK          



SEGMENTS        Name                           Load    Length   Top    Selector   Space  Class

                reset_vec                      000000  000006  000006         0       0  CODE    
                cstackCOMRAM                   000001  00003B  00003C         1       1  COMRAM  
                intcode                        000008  00000A  000012         4       0  CODE    
                smallconst                     000800  000090  000890       400       0  SMALLCON
                text0                          000890  000AB7  001347       448       0  CODE    


UNUSED ADDRESS RANGES

        Name                Unused          Largest block    Delta
        BANK0            000060-0000FF               A0
        BANK1            000100-0001FF              100
        BANK2            000200-0002FF              100
        BANK3            000300-0003EE               EF
        BANK4            000400-0004FF              100
        BANK5            000500-0005FF              100
        BANK6            000600-0006FF              100
        BANK7            000700-0007FF              100
        BIGRAM           00003C-0003EE              3B3
                         000400-0007FF              400
        BIGSFR           000F60-000F9B               3C
                         000F9D-000FD3               37
                         000FD5-000FDA                6
                         000FE0-000FE2                3
                         000FE8-000FEA                3
                         000FF0-000FFB                C
        CODE             000006-000007                2
                         000012-0007FF              7EE
                         001347-007D3F             69F9
        COMRAM           00003C-00005F               24
        CONST            000006-000007                2
                         000012-0007FF              7EE
                         001347-007D3F             69F9
        EEDATA           F00000-F000FF              100
        MEDIUMCONST      001347-007D3F             69F9
        RAM              000060-0003EE              100
                         000400-0007FF              100
        SFR              000F60-000F9B               3C
                         000F9D-000FD3               37
                         000FD5-000FDA                6
                         000FE0-000FE2                3
                         000FE8-000FEA                3
                         000FF0-000FFB                C
        SMALLCONST       001347-007D3F              100

                                  Symbol Table

?_Recibir                 cstackCOMRAM 00001A
?___lwdiv                 cstackCOMRAM 00001A
?___wmul                  cstackCOMRAM 00001A
?_strlen                  cstackCOMRAM 00001A
?i2_Recibir               cstackCOMRAM 000001
?i2___wmul                cstackCOMRAM 000001
?i2_strlen                cstackCOMRAM 000001
ConfiguraLCD@a            cstackCOMRAM 00001A
DireccionaLCD@a           cstackCOMRAM 00001E
EnviaDato@a               cstackCOMRAM 00001D
EscribeLCD_c@a            cstackCOMRAM 00001E
MensajeLCD_Var@a          cstackCOMRAM 00001F
MensajeLCD_Var@i          cstackCOMRAM 000021
Recibir_Cadena@Buffer     cstackCOMRAM 000020
Recibir_Cadena@c          cstackCOMRAM 000024
Recibir_Cadena@i          cstackCOMRAM 000027
Recibir_Cadena@tamano     cstackCOMRAM 000021
Recibir_Cadena@valor      cstackCOMRAM 000025
RetardoLCD@a              cstackCOMRAM 00001B
SaveData@dato             cstackCOMRAM 00001C
SaveData@dir              cstackCOMRAM 00001A
Transmitir@BufferT        cstackCOMRAM 00001A
TransmitirDatos@MinC      cstackCOMRAM 000025
TransmitirDatos@Minimo    cstackCOMRAM 000023
_ADCON1                   (abs)        000FC1
_BAUDCON                  (abs)        000FB8
_BorraLCD                 text15       0012F6
_CCP1CON                  (abs)        000FBD
_CCP2CON                  (abs)        000FBA
_CCP2IE                   (abs)        007D00
_CCP2IF                   (abs)        007D08
_CCPR1L                   (abs)        000FBE
_CCPR2                    (abs)        000FBB
_CFGS                     (abs)        007D36
_CREN                     (abs)        007D5C
_ConfiguraLCD             text19       00125A
_DireccionaLCD            text8        001272
_Distancia                bssCOMRAM    00002E
_EEADR                    (abs)        000FA9
_EECON2                   (abs)        000FA7
_EEDATA                   (abs)        000FA8
_EEIF                     (abs)        007D0C
_EEPGD                    (abs)        007D37
_EnviaDato                text16       00107C
_EscribeLCD_c             text13       00129E
_GIE                      (abs)        007F97
_HabilitaLCD              text18       00131E
_INT0IE                   (abs)        007F94
_INT0IF                   (abs)        007F91
_INTEDG0                  (abs)        007F8E
_ISR                      intcode      000008
_InicializaLCD            text14       000E1E
_LATD                     (abs)        000F8C
_LATD2                    (abs)        007C62
_LATD3                    (abs)        007C63
_MensajeLCD_Var           text6        000FD8
_Minimo                   bssCOMRAM    00002C
_Minimo_Consola           bssCOMRAM    000030
_OERR                     (abs)        007D59
_OSCCON                   (abs)        000FD3
_PR2                      (abs)        000FCB
_RBPU                     (abs)        007F8F
_RC0                      (abs)        007C10
_RC1                      (abs)        007C11
_RCIE                     (abs)        007CED
_RCIF                     (abs)        007CF5
_RCREG                    (abs)        000FAE
_RCSTA                    (abs)        000FAB
_Recibir                  text12       001288
_Recibir_Cadena           text10       000C8A
_RetardoLCD               text17       000EBA
_SPBRG                    (abs)        000FAF
_SaveData                 text9        0011E8
_T1CON                    (abs)        000FCD
_T2CON                    (abs)        000FCA
_TMR1                     (abs)        000FCE
_TMR1ON                   (abs)        007E68
_TMR2                     (abs)        000FCC
_TMR2ON                   (abs)        007E52
_TRISB0                   (abs)        007C98
_TRISC                    (abs)        000F94
_TRISD                    (abs)        000F95
_TRMT                     (abs)        007D61
_TXREG                    (abs)        000FAD
_TXSTA                    (abs)        000FAC
_Tecla                    bssCOMRAM    00002F
_Transmitir               text5        00133A
_TransmitirDatos          text2        000BA2
_USBEN                    (abs)        007B6B
_UTRDIS                   (abs)        007B7B
_WR                       (abs)        007D31
_WREN                     (abs)        007D32
__HRAM                    (abs)        000000
__Habs1                   abs1         000000
__Hbank0                  bank0        000000
__Hbank1                  bank1        000000
__Hbank2                  bank2        000000
__Hbank3                  bank3        000000
__Hbank4                  bank4        000000
__Hbank5                  bank5        000000
__Hbank6                  bank6        000000
__Hbank7                  bank7        000000
__Hbigbss                 bigbss       000000
__Hbigdata                bigdata      000000
__Hbigram                 bigram       000000
__Hbigsfr                 bigsfr       000000
__Hbss                    bss          000000
__HbssCOMRAM              bssCOMRAM    000000
__Hcinit                  cinit        000000
__Hclrtext                clrtext      000000
__Hcomram                 comram       000000
__Hconfig                 config       30000E
__Hconst                  const        000000
__HcstackCOMRAM           cstackCOMRAM 000000
__Hdata                   data         000000
__HdataCOMRAM             dataCOMRAM   000000
__Heeprom_data            eeprom_data  000000
__Hfarbss                 farbss       000000
__Hfardata                fardata      000000
__Hheap                   heap         000000
__Hibigdata               ibigdata     000000
__Hidata                  idata        000000
__HidataCOMRAM            idataCOMRAM  000000
__Hidloc                  idloc        200008
__Hifardata               ifardata     000000
__Hinit                   init         000012
__Hintcode                intcode      00000E
__Hintcode_body           intcode_body 000000
__Hintcodelo              intcodelo    00000E
__Hintentry               intentry     000000
__Hintret                 intret       000000
__Hintsave_regs           intsave_regs 000000
__Hirdata                 irdata       000000
__Hmediumconst            mediumconst  000000
__HnvFARRAM               nvFARRAM     000000
__Hnvbit                  nvbit        000000
__Hnvrram                 nvrram       000000
__Hparam                  rparam       000000
__Hpowerup                powerup      00000E
__Hram                    ram          000000
__Hramtop                 ramtop       000800
__Hrbit                   rbit         000000
__Hrbss                   rbss         000000
__Hrdata                  rdata        000000
__Hreset_vec              reset_vec    000006
__Hrparam                 rparam       000000
__Hsfr                    sfr          000000
__Hsmallconst             smallconst   000890
__Hspace_0                (abs)        001347
__Hspace_1                (abs)        00003C
__Hspace_2                (abs)        000000
__Hspace_4                (abs)        60000E
__Hstack                  stack        000000
__Hstruct                 struct       000000
__Htemp                   temp         00003C
__Htext                   text         000000
__Htext0                  text0        000000
__Htext1                  text1        000000
__Htext10                 text10       000000
__Htext11                 text11       000000
__Htext12                 text12       000000
__Htext13                 text13       000000
__Htext14                 text14       000000
__Htext15                 text15       000000
__Htext16                 text16       000000
__Htext17                 text17       000000
__Htext18                 text18       000000
__Htext19                 text19       000000
__Htext2                  text2        000000
__Htext21                 text21       000000
__Htext22                 text22       000000
__Htext23                 text23       000000
__Htext24                 text24       000000
__Htext25                 text25       000000
__Htext26                 text26       000000
__Htext27                 text27       000000
__Htext28                 text28       000000
__Htext29                 text29       000000
__Htext3                  text3        000000
__Htext30                 text30       000000
__Htext31                 text31       000000
__Htext4                  text4        000000
__Htext5                  text5        000000
__Htext6                  text6        000000
__Htext7                  text7        000000
__Htext8                  text8        000000
__Htext9                  text9        000000
__LRAM                    (abs)        000001
__Labs1                   abs1         000000
__Lbank0                  bank0        000000
__Lbank1                  bank1        000000
__Lbank2                  bank2        000000
__Lbank3                  bank3        000000
__Lbank4                  bank4        000000
__Lbank5                  bank5        000000
__Lbank6                  bank6        000000
__Lbank7                  bank7        000000
__Lbigbss                 bigbss       000000
__Lbigdata                bigdata      000000
__Lbigram                 bigram       000000
__Lbigsfr                 bigsfr       000000
__Lbss                    bss          000000
__LbssCOMRAM              bssCOMRAM    000000
__Lcinit                  cinit        000000
__Lclrtext                clrtext      000000
__Lcomram                 comram       000000
__Lconfig                 config       000000
__Lconst                  const        000000
__LcstackCOMRAM           cstackCOMRAM 000000
__Ldata                   data         000000
__LdataCOMRAM             dataCOMRAM   000000
__Leeprom_data            eeprom_data  000000
__Lfarbss                 farbss       000000
__Lfardata                fardata      000000
__Lheap                   heap         000000
__Libigdata               ibigdata     000000
__Lidata                  idata        000000
__LidataCOMRAM            idataCOMRAM  000000
__Lidloc                  idloc        000000
__Lifardata               ifardata     000000
__Linit                   init         00000E
__Lintcode                intcode      000008
__Lintcode_body           intcode_body 000000
__Lintcodelo              intcodelo    00000E
__Lintentry               intentry     000000
__Lintret                 intret       000000
__Lintsave_regs           intsave_regs 000000
__Lirdata                 irdata       000000
__Lmediumconst            mediumconst  000000
__LnvFARRAM               nvFARRAM     000000
__Lnvbit                  nvbit        000000
__Lnvrram                 nvrram       000000
__Lparam                  rparam       000000
__Lpowerup                powerup      00000E
__Lram                    ram          000000
__Lramtop                 ramtop       000800
__Lrbit                   rbit         000000
__Lrbss                   rbss         000000
__Lrdata                  rdata        000000
__Lreset_vec              reset_vec    000000
__Lrparam                 rparam       000000
__Lsfr                    sfr          000000
__Lsmallconst             smallconst   000800
__Lspace_0                (abs)        000000
__Lspace_1                (abs)        000000
__Lspace_2                (abs)        000000
__Lspace_4                (abs)        000000
__Lstack                  stack        000000
__Lstruct                 struct       000000
__Ltemp                   temp         00003B
__Ltext                   text         000000
__Ltext0                  text0        000000
__Ltext1                  text1        000000
__Ltext10                 text10       000000
__Ltext11                 text11       000000
__Ltext12                 text12       000000
__Ltext13                 text13       000000
__Ltext14                 text14       000000
__Ltext15                 text15       000000
__Ltext16                 text16       000000
__Ltext17                 text17       000000
__Ltext18                 text18       000000
__Ltext19                 text19       000000
__Ltext2                  text2        000000
__Ltext21                 text21       000000
__Ltext22                 text22       000000
__Ltext23                 text23       000000
__Ltext24                 text24       000000
__Ltext25                 text25       000000
__Ltext26                 text26       000000
__Ltext27                 text27       000000
__Ltext28                 text28       000000
__Ltext29                 text29       000000
__Ltext3                  text3        000000
__Ltext30                 text30       000000
__Ltext31                 text31       000000
__Ltext4                  text4        000000
__Ltext5                  text5        000000
__Ltext6                  text6        000000
__Ltext7                  text7        000000
__Ltext8                  text8        000000
__Ltext9                  text9        000000
__S0                      (abs)        001347
__S1                      (abs)        00003C
__S4                      (abs)        000000
__S5                      (abs)        000000
___heap_hi                (abs)        000000
___heap_lo                (abs)        000000
___inthi_sp               stack        000000
___intlo_sp               stack        000000
___lbdiv                  text4        001108
___lbdiv@counter          cstackCOMRAM 000020
___lbdiv@dividend         cstackCOMRAM 00001F
___lbdiv@divisor          cstackCOMRAM 00001E
___lbdiv@quotient         cstackCOMRAM 000021
___lbmod                  text3        00116E
___lbmod@counter          cstackCOMRAM 00001C
___lbmod@dividend         cstackCOMRAM 00001B
___lbmod@divisor          cstackCOMRAM 00001A
___lbmod@rem              cstackCOMRAM 00001D
___lwdiv                  text1        000F86
___lwdiv@counter          cstackCOMRAM 000020
___lwdiv@dividend         cstackCOMRAM 00001A
___lwdiv@divisor          cstackCOMRAM 00001C
___lwdiv@quotient         cstackCOMRAM 00001E
___param_bank             (abs)        000000
___rparam_used            (abs)        000001
___sp                     stack        000000
___wmul                   text11       00120E
___wmul@multiplicand      cstackCOMRAM 00001C
___wmul@multiplier        cstackCOMRAM 00001A
___wmul@product           cstackCOMRAM 00001E
__accesstop               (abs)        000060
__activetblptr            (abs)        000002
__end_of_BorraLCD         text15       00130A
__end_of_ConfiguraLCD     text19       001272
__end_of_DireccionaLCD    text8        001288
__end_of_EnviaDato        text16       0010C2
__end_of_EscribeLCD_c     text13       0012B4
__end_of_HabilitaLCD      text18       00132C
__end_of_ISR              intcode_body 000BA2
__end_of_InicializaLCD    text14       000EBA
__end_of_MensajeLCD_Var   text6        00102A
__end_of_Recibir          text12       00129E
__end_of_Recibir_Cadena   text10       000D54
__end_of_RetardoLCD       text17       000F20
__end_of_SaveData         text9        00120E
__end_of_Transmitir       text5        001346
__end_of_TransmitirDatos  text2        000C8A
__end_of___lbdiv          text4        001142
__end_of___lbmod          text3        001198
__end_of___lwdiv          text1        000FD8
__end_of___wmul           text11       001234
__end_of__initialization  cinit        001160
__end_of_main             text0        000AAE
__end_of_strlen           text7        0011C0
__end_ofi2_BorraLCD       text28       00131E
__end_ofi2_DireccionaLCD  text27       0012F6
__end_ofi2_EnviaDato      text29       001108
__end_ofi2_EscribeLCD_c   text26       0012E0
__end_ofi2_HabilitaLCD    text31       00133A
__end_ofi2_MensajeLCD_Var text24       00107C
__end_ofi2_Recibir        text23       0012CA
__end_ofi2_Recibir_Cadena text21       000E1E
__end_ofi2_RetardoLCD     text30       000F86
__end_ofi2___wmul         text22       00125A
__end_ofi2_strlen         text25       0011E8
__initialization          cinit        001142
__mediumconst             mediumconst  000000
__pbssCOMRAM              bssCOMRAM    00002C
__pcinit                  cinit        001142
__pcstackCOMRAM           cstackCOMRAM 000001
__pdataCOMRAM             dataCOMRAM   00003A
__pidataCOMRAM            idataCOMRAM  001346
__pintcode                intcode      000008
__pintcode_body           intcode_body 000AAE
__psmallconst             smallconst   000800
__ptext0                  text0        000890
__ptext1                  text1        000F86
__ptext10                 text10       000C8A
__ptext11                 text11       00120E
__ptext12                 text12       001288
__ptext13                 text13       00129E
__ptext14                 text14       000E1E
__ptext15                 text15       0012F6
__ptext16                 text16       00107C
__ptext17                 text17       000EBA
__ptext18                 text18       00131E
__ptext19                 text19       00125A
__ptext2                  text2        000BA2
__ptext21                 text21       000D54
__ptext22                 text22       001234
__ptext23                 text23       0012B4
__ptext24                 text24       00102A
__ptext25                 text25       0011C0
__ptext26                 text26       0012CA
__ptext27                 text27       0012E0
__ptext28                 text28       00130A
__ptext29                 text29       0010C2
__ptext3                  text3        00116E
__ptext30                 text30       000F20
__ptext31                 text31       00132C
__ptext4                  text4        001108
__ptext5                  text5        00133A
__ptext6                  text6        000FD8
__ptext7                  text7        001198
__ptext8                  text8        001272
__ptext9                  text9        0011E8
__ramtop                  ramtop       000800
__smallconst              smallconst   000800
_interfaz                 dataCOMRAM   00003A
_main                     text0        000890
_strlen                   text7        001198
btemp                     temp         00003B
end_of_initialization     cinit        001160
i2DireccionaLCD@a         cstackCOMRAM 000005
i2EnviaDato@a             cstackCOMRAM 000004
i2EscribeLCD_c@a          cstackCOMRAM 000005
i2MensajeLCD_Var@a        cstackCOMRAM 000006
i2MensajeLCD_Var@i        cstackCOMRAM 000008
i2Recibir_Cadena@Buffer   cstackCOMRAM 000007
i2Recibir_Cadena@c        cstackCOMRAM 00000B
i2Recibir_Cadena@i        cstackCOMRAM 00000E
i2Recibir_Cadena@tamano   cstackCOMRAM 000008
i2Recibir_Cadena@valor    cstackCOMRAM 00000C
i2RetardoLCD@a            cstackCOMRAM 000002
i2_BorraLCD               text28       00130A
i2_DireccionaLCD          text27       0012E0
i2_EnviaDato              text29       0010C2
i2_EscribeLCD_c           text26       0012CA
i2_HabilitaLCD            text31       00132C
i2_MensajeLCD_Var         text24       00102A
i2_Recibir                text23       0012B4
i2_Recibir_Cadena         text21       000D54
i2_RetardoLCD             text30       000F20
i2___wmul                 text22       001234
i2___wmul@multiplicand    cstackCOMRAM 000003
i2___wmul@multiplier      cstackCOMRAM 000001
i2___wmul@product         cstackCOMRAM 000005
i2_strlen                 text25       0011C0
i2strlen@cp               cstackCOMRAM 000003
i2strlen@s                cstackCOMRAM 000001
int$flags                 temp         00003B
int_func                  intcode_body 000AAE
intlevel0                 text         000000
intlevel1                 text         000000
intlevel2                 text         000000
intlevel3                 text         000000
isa$std                   (abs)        000001
isa$xinst                 (abs)        000000
stackhi                   (abs)        000000
stacklo                   (abs)        000000
start                     init         00000E
start_initialization      cinit        001142
strlen@cp                 cstackCOMRAM 00001C
strlen@s                  cstackCOMRAM 00001A
ttemp5                    temp         00003C
ttemp6                    temp         00003F
ttemp7                    temp         000043
wtemp8                    temp         00003C


MODULE INFORMATION

Module		Function		Class		Link	Load	Size
Proyecto.c
		_Recibir_Cadena		CODE           	0C8A	0000	202
		_TransmitirDatos		CODE           	0BA2	0000	232
		_ISR           		CODE           	0008	0000	250
		_main          		CODE           	0890	0000	542
		_Transmitir    		CODE           	133A	0000	12
		_SaveData      		CODE           	11E8	0000	38
		_Recibir       		CODE           	1288	0000	22

Proyecto.c estimated size: 1298

C:\Program Files\Microchip\xc8\v2.40\pic\sources\c90\common\strlen.c
		_strlen        		CODE           	1198	0000	40

C:\Program Files\Microchip\xc8\v2.40\pic\sources\c90\common\strlen.c estimated size: 40

LibLCDXC8.h
		_DireccionaLCD 		CODE           	1272	0000	22
		_InicializaLCD 		CODE           	0E1E	0000	156
		_EnviaDato     		CODE           	107C	0000	70
		_MensajeLCD_Var		CODE           	0FD8	0000	82
		_EscribeLCD_c  		CODE           	129E	0000	22
		_HabilitaLCD   		CODE           	131E	0000	14
		_ConfiguraLCD  		CODE           	125A	0000	24
		_BorraLCD      		CODE           	12F6	0000	20
		_RetardoLCD    		CODE           	0EBA	0000	102

LibLCDXC8.h estimated size: 512

C:\Program Files\Microchip\xc8\v2.40\pic\sources\c90\common\lbmod.c
		___lbmod       		CODE           	116E	0000	42

C:\Program Files\Microchip\xc8\v2.40\pic\sources\c90\common\lbmod.c estimated size: 42

C:\Program Files\Microchip\xc8\v2.40\pic\sources\c90\common\Umul16.c
		___wmul        		CODE           	120E	0000	38

C:\Program Files\Microchip\xc8\v2.40\pic\sources\c90\common\Umul16.c estimated size: 38

C:\Program Files\Microchip\xc8\v2.40\pic\sources\c90\common\lbdiv.c
		___lbdiv       		CODE           	1108	0000	58

C:\Program Files\Microchip\xc8\v2.40\pic\sources\c90\common\lbdiv.c estimated size: 58

shared
		i2_MensajeLCD_Var		CODE           	102A	0000	82
		i2_EscribeLCD_c		CODE           	12CA	0000	22
		i2_EnviaDato   		CODE           	10C2	0000	70
		i2___wmul      		CODE           	1234	0000	38
		i2_Recibir     		CODE           	12B4	0000	22
		__initialization		CODE           	1142	0000	30
		i2_DireccionaLCD		CODE           	12E0	0000	22
		i2_HabilitaLCD 		CODE           	132C	0000	14
		i2_Recibir_Cadena		CODE           	0D54	0000	202
		i2_BorraLCD    		CODE           	130A	0000	20
		i2_RetardoLCD  		CODE           	0F20	0000	102
		i2_strlen      		CODE           	11C0	0000	40

shared estimated size: 664

C:\Program Files\Microchip\xc8\v2.40\pic\sources\c90\common\lwdiv.c
		___lwdiv       		CODE           	0F86	0000	82

C:\Program Files\Microchip\xc8\v2.40\pic\sources\c90\common\lwdiv.c estimated size: 82

