Microchip MPLAB XC8 Compiler V2.40

Linker command line:

-W-3 \
  --edf=C:\Program Files\Microchip\xc8\v2.40\pic\dat\20220703182018_en.msgs \
  -cn -h+dist/default/debug\Proyecto.X.debug.sym \
  --cmf=dist/default/debug\Proyecto.X.debug.cmf -z -Q18F4550 \
  -oC:\Users\acer\AppData\Local\Temp\xcAsc4g.4 \
  -Mdist/default/debug/Proyecto.X.debug.map \
  --md=C:\Users\acer\AppData\Local\Temp\xcAsc4g.dat -E1 -ver=XC8 Compiler \
  -ACODE=00h-07D3Fh -ACONST=00h-07D3Fh \
  -ASMALLCONST=0800h-08FFhx117,07D00h-07D3Fh -AMEDIUMCONST=0800h-07D3Fh \
  -ACOMRAM=01h-05Fh -AABS1=00h-03EEh,0400h-07FFh \
  -ABIGRAM=01h-03EEh,0400h-07FFh \
  -ARAM=060h-0FFh,0100h-01FFhx2,0300h-03EEh,0400h-04FFhx4 -ABANK0=060h-0FFh \
  -ABANK1=0100h-01FFh -ABANK2=0200h-02FFh -ABANK3=0300h-03EEh \
  -ABANK4=0400h-04FFh -ABANK5=0500h-05FFh -ABANK6=0600h-06FFh \
  -ABANK7=0700h-07FFh \
  -ASFR=0F60h-0F9Bh,0F9Dh-0FD3h,0FD5h-0FDAh,0FE0h-0FE2h,0FE8h-0FEAh,0FF0h-0FFBh \
  -ABIGSFR=0F60h-0F9Bh,0F9Dh-0FD3h,0FD5h-0FDAh,0FE0h-0FE2h,0FE8h-0FEAh,0FF0h-0FFBh \
  -ACONFIG=0300000h-030000Dh -AIDLOC=0200000h-0200007h \
  -AEEDATA=0F00000h-0F000FFh -peeprom_data=EEDATA \
  -preset_vec=00h,intcode=08h,intcodelo,powerup,init -pramtop=0800h \
  -psmallconst=SMALLCONST -pmediumconst=MEDIUMCONST -pconst=CONST \
  -AFARRAM=00h-00h \
  -prdata=COMRAM,nvrram=COMRAM,nvbit=COMRAM,rbss=COMRAM,rbit=COMRAM \
  -pfarbss=FARRAM,fardata=FARRAM,nvFARRAM=FARRAM \
  -pintsave_regs=BIGRAM,bigbss=BIGRAM,bigdata=BIGRAM -pbss=RAM \
  -pidata=CODE,irdata=CODE,ibigdata=CODE,ifardata=CODE -prparam=COMRAM \
  C:\Users\acer\AppData\Local\Temp\xcAsc4g.obj \
  dist/default/debug\Proyecto.X.debug.obj 

Object code version is 3.11

Machine type is 18F4550



                Name                               Link     Load   Length Selector   Space Scale
C:\Users\acer\AppData\Local\Temp\xcAsc4g.obj
                idloc                            200000   200000        8        0       5
                config                           300000   300000        E        0       4
                init                                  E        E        4        4       0
                reset_vec                             0        0        6        0       0
dist/default/debug\Proyecto.X.debug.obj
                intcode                               8        8        6        4       0
                idloc                            200000   200000        8        0       5
                config                           300000   300000        E        0       4
                temp                                 2A       2A        1        1       1
                smallconst                          800      800       4C      400       0
                text23                             108C     108C        C      426       0
                text22                             1072     1072        E      426       0
                text21                              D9E      D9E       66      426       0
                text20                              E9C      E9C       46      426       0
                text19                             103A     103A       16      426       0
                text18                              F24      F24       42      426       0
                text17                              C40      C40       8A      426       0
                intcode_body                        CCA      CCA       6E      426       0
                text15                              FF6      FF6       18      426       0
                text14                             1064     1064        E      426       0
                text13                              D38      D38       66      426       0
                text12                              E56      E56       46      426       0
                text11                             1050     1050       14      426       0
                text10                              B1A      B1A       9C      426       0
                text9                              1024     1024       16      426       0
                text8                              100E     100E       16      426       0
                text7                               EE2      EE2       42      426       0
                text6                               BB6      BB6       8A      426       0
                text5                              1080     1080        C      426       0
                text4                               F66      F66       3A      426       0
                text3                               FCC      FCC       2A      426       0
                text2                               A2A      A2A       F0      426       0
                text1                               E04      E04       52      426       0
                text0                               84C      84C      1DE      426       0
                cstackCOMRAM                          1        1       24        1       1
                dataCOMRAM                           28       28        2        1       1
                bssCOMRAM                            25       25        3        1       1
                cinit                               FA0      FA0       2C      426       0
                idataCOMRAM                        1098     1098        2      426       0

TOTAL           Name                               Link     Load   Length     Space
        CLASS   CODE           
                intcode                               8        8        6         0
                init                                  E        E        4         0
                reset_vec                             0        0        6         0
                text23                             108C     108C        C         0
                text22                             1072     1072        E         0
                text21                              D9E      D9E       66         0
                text20                              E9C      E9C       46         0
                text19                             103A     103A       16         0
                text18                              F24      F24       42         0
                text17                              C40      C40       8A         0
                intcode_body                        CCA      CCA       6E         0
                text15                              FF6      FF6       18         0
                text14                             1064     1064        E         0
                text13                              D38      D38       66         0
                text12                              E56      E56       46         0
                text11                             1050     1050       14         0
                text10                              B1A      B1A       9C         0
                text9                              1024     1024       16         0
                text8                              100E     100E       16         0
                text7                               EE2      EE2       42         0
                text6                               BB6      BB6       8A         0
                text5                              1080     1080        C         0
                text4                               F66      F66       3A         0
                text3                               FCC      FCC       2A         0
                text2                               A2A      A2A       F0         0
                text1                               E04      E04       52         0
                text0                               84C      84C      1DE         0
                cinit                               FA0      FA0       2C         0
                idataCOMRAM                        1098     1098        2         0

        CLASS   CONST          

        CLASS   SMALLCONST     
                smallconst                          800      800       4C         0

        CLASS   MEDIUMCONST    

        CLASS   COMRAM         
                temp                                 2A       2A        1         1
                cstackCOMRAM                          1        1       24         1
                dataCOMRAM                           28       28        2         1
                bssCOMRAM                            25       25        3         1

        CLASS   ABS1           

        CLASS   BIGRAM         

        CLASS   RAM            

        CLASS   BANK0          

        CLASS   BANK1          

        CLASS   BANK2          

        CLASS   BANK3          

        CLASS   BANK4          

        CLASS   BANK5          

        CLASS   BANK6          

        CLASS   BANK7          

        CLASS   SFR            

        CLASS   BIGSFR         

        CLASS   CONFIG         
                config                           300000   300000        E         4

        CLASS   IDLOC          
                idloc                            200000   200000        8         5

        CLASS   EEDATA         

        CLASS   FARRAM         

        CLASS   HEAP           

        CLASS   STACK          



SEGMENTS        Name                           Load    Length   Top    Selector   Space  Class

                reset_vec                      000000  000006  000006         0       0  CODE    
                cstackCOMRAM                   000001  00002A  00002B         1       1  COMRAM  
                intcode                        000008  00000A  000012         4       0  CODE    
                smallconst                     000800  00004C  00084C       400       0  SMALLCON
                text0                          00084C  00084E  00109A       426       0  CODE    


UNUSED ADDRESS RANGES

        Name                Unused          Largest block    Delta
        BANK0            000060-0000FF               A0
        BANK1            000100-0001FF              100
        BANK2            000200-0002FF              100
        BANK3            000300-0003EE               EF
        BANK4            000400-0004FF              100
        BANK5            000500-0005FF              100
        BANK6            000600-0006FF              100
        BANK7            000700-0007FF              100
        BIGRAM           00002B-0003EE              3C4
                         000400-0007FF              400
        BIGSFR           000F60-000F9B               3C
                         000F9D-000FD3               37
                         000FD5-000FDA                6
                         000FE0-000FE2                3
                         000FE8-000FEA                3
                         000FF0-000FFB                C
        CODE             000006-000007                2
                         000012-0007FF              7EE
                         00109A-007D3F             6CA6
        COMRAM           00002B-00005F               35
        CONST            000006-000007                2
                         000012-0007FF              7EE
                         00109A-007D3F             6CA6
        EEDATA           F00000-F000FF              100
        MEDIUMCONST      00109A-007D3F             6CA6
        RAM              000060-0003EE              100
                         000400-0007FF              100
        SFR              000F60-000F9B               3C
                         000F9D-000FD3               37
                         000FD5-000FDA                6
                         000FE0-000FE2                3
                         000FE8-000FEA                3
                         000FF0-000FFB                C
        SMALLCONST       00109A-007D3F              100

                                  Symbol Table

?_Recibir                 cstackCOMRAM 000001
?___lwdiv                 cstackCOMRAM 000014
?_strlen                  cstackCOMRAM 000014
?i2_strlen                cstackCOMRAM 000001
ConfiguraLCD@a            cstackCOMRAM 000014
DireccionaLCD@a           cstackCOMRAM 000018
EnviaDato@a               cstackCOMRAM 000017
EscribeLCD_c@a            cstackCOMRAM 000018
MensajeLCD_Var@a          cstackCOMRAM 000019
MensajeLCD_Var@i          cstackCOMRAM 00001D
RetardoLCD@a              cstackCOMRAM 000015
Transmitir@BufferT        cstackCOMRAM 000014
TransmitirDatos@MinC      cstackCOMRAM 000021
TransmitirDatos@Minimo    cstackCOMRAM 00001F
_ADCON1                   (abs)        000FC1
_BAUDCON                  (abs)        000FB8
_BorraLCD                 text11       001050
_CCP1CON                  (abs)        000FBD
_CCP2CON                  (abs)        000FBA
_CCP2IF                   (abs)        007D08
_CCPR1L                   (abs)        000FBE
_CCPR2                    (abs)        000FBB
_ConfiguraLCD             text15       000FF6
_DireccionaLCD            text9        001024
_Distancia                bssCOMRAM    000026
_EnviaDato                text12       000E56
_EscribeLCD_c             text8        00100E
_GIE                      (abs)        007F97
_HabilitaLCD              text14       001064
_ISR                      intcode      000008
_InicializaLCD            text10       000B1A
_LATB                     (abs)        000F8A
_LATD                     (abs)        000F8C
_LATD2                    (abs)        007C62
_LATD3                    (abs)        007C63
_MensajeLCD_Var           text6        000BB6
_Minimo                   dataCOMRAM   000028
_OSCCON                   (abs)        000FD3
_PR2                      (abs)        000FCB
_RB5                      (abs)        007C0D
_RBIE                     (abs)        007F93
_RBIF                     (abs)        007F90
_RBPU                     (abs)        007F8F
_RC0                      (abs)        007C10
_RC1                      (abs)        007C11
_RCIE                     (abs)        007CED
_RCIF                     (abs)        007CF5
_RCREG                    (abs)        000FAE
_RCSTA                    (abs)        000FAB
_RE1                      (abs)        007C21
_Recibir                  text23       00108C
_RetardoLCD               text13       000D38
_SPBRG                    (abs)        000FAF
_T1CON                    (abs)        000FCD
_T2CON                    (abs)        000FCA
_TMR1                     (abs)        000FCE
_TMR1ON                   (abs)        007E68
_TMR2                     (abs)        000FCC
_TMR2ON                   (abs)        007E52
_TRISA                    (abs)        000F92
_TRISB                    (abs)        000F93
_TRISC                    (abs)        000F94
_TRISD                    (abs)        000F95
_TRISE                    (abs)        000F96
_TRMT                     (abs)        007D61
_TXREG                    (abs)        000FAD
_TXSTA                    (abs)        000FAC
_Tecla                    bssCOMRAM    000027
_Transmitir               text5        001080
_TransmitirDatos          text2        000A2A
_UTRDIS                   (abs)        007B7B
__HRAM                    (abs)        000000
__Habs1                   abs1         000000
__Hbank0                  bank0        000000
__Hbank1                  bank1        000000
__Hbank2                  bank2        000000
__Hbank3                  bank3        000000
__Hbank4                  bank4        000000
__Hbank5                  bank5        000000
__Hbank6                  bank6        000000
__Hbank7                  bank7        000000
__Hbigbss                 bigbss       000000
__Hbigdata                bigdata      000000
__Hbigram                 bigram       000000
__Hbigsfr                 bigsfr       000000
__Hbss                    bss          000000
__HbssCOMRAM              bssCOMRAM    000000
__Hcinit                  cinit        000000
__Hclrtext                clrtext      000000
__Hcomram                 comram       000000
__Hconfig                 config       30000E
__Hconst                  const        000000
__HcstackCOMRAM           cstackCOMRAM 000000
__Hdata                   data         000000
__HdataCOMRAM             dataCOMRAM   000000
__Heeprom_data            eeprom_data  000000
__Hfarbss                 farbss       000000
__Hfardata                fardata      000000
__Hheap                   heap         000000
__Hibigdata               ibigdata     000000
__Hidata                  idata        000000
__HidataCOMRAM            idataCOMRAM  000000
__Hidloc                  idloc        200008
__Hifardata               ifardata     000000
__Hinit                   init         000012
__Hintcode                intcode      00000E
__Hintcode_body           intcode_body 000000
__Hintcodelo              intcodelo    00000E
__Hintentry               intentry     000000
__Hintret                 intret       000000
__Hintsave_regs           intsave_regs 000000
__Hirdata                 irdata       000000
__Hmediumconst            mediumconst  000000
__HnvFARRAM               nvFARRAM     000000
__Hnvbit                  nvbit        000000
__Hnvrram                 nvrram       000000
__Hparam                  rparam       000000
__Hpowerup                powerup      00000E
__Hram                    ram          000000
__Hramtop                 ramtop       000800
__Hrbit                   rbit         000000
__Hrbss                   rbss         000000
__Hrdata                  rdata        000000
__Hreset_vec              reset_vec    000006
__Hrparam                 rparam       000000
__Hsfr                    sfr          000000
__Hsmallconst             smallconst   00084C
__Hspace_0                (abs)        00109A
__Hspace_1                (abs)        00002B
__Hspace_2                (abs)        000000
__Hspace_4                (abs)        60000E
__Hstack                  stack        000000
__Hstruct                 struct       000000
__Htemp                   temp         00002B
__Htext                   text         000000
__Htext0                  text0        000000
__Htext1                  text1        000000
__Htext10                 text10       000000
__Htext11                 text11       000000
__Htext12                 text12       000000
__Htext13                 text13       000000
__Htext14                 text14       000000
__Htext15                 text15       000000
__Htext17                 text17       000000
__Htext18                 text18       000000
__Htext19                 text19       000000
__Htext2                  text2        000000
__Htext20                 text20       000000
__Htext21                 text21       000000
__Htext22                 text22       000000
__Htext23                 text23       000000
__Htext3                  text3        000000
__Htext4                  text4        000000
__Htext5                  text5        000000
__Htext6                  text6        000000
__Htext7                  text7        000000
__Htext8                  text8        000000
__Htext9                  text9        000000
__LRAM                    (abs)        000001
__Labs1                   abs1         000000
__Lbank0                  bank0        000000
__Lbank1                  bank1        000000
__Lbank2                  bank2        000000
__Lbank3                  bank3        000000
__Lbank4                  bank4        000000
__Lbank5                  bank5        000000
__Lbank6                  bank6        000000
__Lbank7                  bank7        000000
__Lbigbss                 bigbss       000000
__Lbigdata                bigdata      000000
__Lbigram                 bigram       000000
__Lbigsfr                 bigsfr       000000
__Lbss                    bss          000000
__LbssCOMRAM              bssCOMRAM    000000
__Lcinit                  cinit        000000
__Lclrtext                clrtext      000000
__Lcomram                 comram       000000
__Lconfig                 config       000000
__Lconst                  const        000000
__LcstackCOMRAM           cstackCOMRAM 000000
__Ldata                   data         000000
__LdataCOMRAM             dataCOMRAM   000000
__Leeprom_data            eeprom_data  000000
__Lfarbss                 farbss       000000
__Lfardata                fardata      000000
__Lheap                   heap         000000
__Libigdata               ibigdata     000000
__Lidata                  idata        000000
__LidataCOMRAM            idataCOMRAM  000000
__Lidloc                  idloc        000000
__Lifardata               ifardata     000000
__Linit                   init         00000E
__Lintcode                intcode      000008
__Lintcode_body           intcode_body 000000
__Lintcodelo              intcodelo    00000E
__Lintentry               intentry     000000
__Lintret                 intret       000000
__Lintsave_regs           intsave_regs 000000
__Lirdata                 irdata       000000
__Lmediumconst            mediumconst  000000
__LnvFARRAM               nvFARRAM     000000
__Lnvbit                  nvbit        000000
__Lnvrram                 nvrram       000000
__Lparam                  rparam       000000
__Lpowerup                powerup      00000E
__Lram                    ram          000000
__Lramtop                 ramtop       000800
__Lrbit                   rbit         000000
__Lrbss                   rbss         000000
__Lrdata                  rdata        000000
__Lreset_vec              reset_vec    000000
__Lrparam                 rparam       000000
__Lsfr                    sfr          000000
__Lsmallconst             smallconst   000800
__Lspace_0                (abs)        000000
__Lspace_1                (abs)        000000
__Lspace_2                (abs)        000000
__Lspace_4                (abs)        000000
__Lstack                  stack        000000
__Lstruct                 struct       000000
__Ltemp                   temp         00002A
__Ltext                   text         000000
__Ltext0                  text0        000000
__Ltext1                  text1        000000
__Ltext10                 text10       000000
__Ltext11                 text11       000000
__Ltext12                 text12       000000
__Ltext13                 text13       000000
__Ltext14                 text14       000000
__Ltext15                 text15       000000
__Ltext17                 text17       000000
__Ltext18                 text18       000000
__Ltext19                 text19       000000
__Ltext2                  text2        000000
__Ltext20                 text20       000000
__Ltext21                 text21       000000
__Ltext22                 text22       000000
__Ltext23                 text23       000000
__Ltext3                  text3        000000
__Ltext4                  text4        000000
__Ltext5                  text5        000000
__Ltext6                  text6        000000
__Ltext7                  text7        000000
__Ltext8                  text8        000000
__Ltext9                  text9        000000
__S0                      (abs)        00109A
__S1                      (abs)        00002B
__S4                      (abs)        000000
__S5                      (abs)        000000
___heap_hi                (abs)        000000
___heap_lo                (abs)        000000
___inthi_sp               stack        000000
___intlo_sp               stack        000000
___lbdiv                  text4        000F66
___lbdiv@counter          cstackCOMRAM 00001A
___lbdiv@dividend         cstackCOMRAM 000019
___lbdiv@divisor          cstackCOMRAM 000018
___lbdiv@quotient         cstackCOMRAM 00001B
___lbmod                  text3        000FCC
___lbmod@counter          cstackCOMRAM 000016
___lbmod@dividend         cstackCOMRAM 000015
___lbmod@divisor          cstackCOMRAM 000014
___lbmod@rem              cstackCOMRAM 000017
___lwdiv                  text1        000E04
___lwdiv@counter          cstackCOMRAM 00001A
___lwdiv@dividend         cstackCOMRAM 000014
___lwdiv@divisor          cstackCOMRAM 000016
___lwdiv@quotient         cstackCOMRAM 000018
___param_bank             (abs)        000000
___rparam_used            (abs)        000001
___sp                     stack        000000
__accesstop               (abs)        000060
__activetblptr            (abs)        000002
__end_of_BorraLCD         text11       001064
__end_of_ConfiguraLCD     text15       00100E
__end_of_DireccionaLCD    text9        00103A
__end_of_EnviaDato        text12       000E9C
__end_of_EscribeLCD_c     text8        001024
__end_of_HabilitaLCD      text14       001072
__end_of_ISR              intcode_body 000D38
__end_of_InicializaLCD    text10       000BB6
__end_of_MensajeLCD_Var   text6        000C40
__end_of_Recibir          text23       001098
__end_of_RetardoLCD       text13       000D9E
__end_of_Transmitir       text5        00108C
__end_of_TransmitirDatos  text2        000B1A
__end_of___lbdiv          text4        000FA0
__end_of___lbmod          text3        000FF6
__end_of___lwdiv          text1        000E56
__end_of__initialization  cinit        000FBE
__end_of_main             text0        000A2A
__end_of_strlen           text7        000F24
__end_ofi2_EnviaDato      text20       000EE2
__end_ofi2_EscribeLCD_c   text19       001050
__end_ofi2_HabilitaLCD    text22       001080
__end_ofi2_MensajeLCD_Var text17       000CCA
__end_ofi2_RetardoLCD     text21       000E04
__end_ofi2_strlen         text18       000F66
__initialization          cinit        000FA0
__mediumconst             mediumconst  000000
__pbssCOMRAM              bssCOMRAM    000025
__pcinit                  cinit        000FA0
__pcstackCOMRAM           cstackCOMRAM 000001
__pdataCOMRAM             dataCOMRAM   000028
__pidataCOMRAM            idataCOMRAM  001098
__pintcode                intcode      000008
__pintcode_body           intcode_body 000CCA
__psmallconst             smallconst   000800
__ptext0                  text0        00084C
__ptext1                  text1        000E04
__ptext10                 text10       000B1A
__ptext11                 text11       001050
__ptext12                 text12       000E56
__ptext13                 text13       000D38
__ptext14                 text14       001064
__ptext15                 text15       000FF6
__ptext17                 text17       000C40
__ptext18                 text18       000F24
__ptext19                 text19       00103A
__ptext2                  text2        000A2A
__ptext20                 text20       000E9C
__ptext21                 text21       000D9E
__ptext22                 text22       001072
__ptext23                 text23       00108C
__ptext3                  text3        000FCC
__ptext4                  text4        000F66
__ptext5                  text5        001080
__ptext6                  text6        000BB6
__ptext7                  text7        000EE2
__ptext8                  text8        00100E
__ptext9                  text9        001024
__ramtop                  ramtop       000800
__smallconst              smallconst   000800
_en_entrada               bssCOMRAM    000025
_interfaz                 dataCOMRAM   000029
_main                     text0        00084C
_strlen                   text7        000EE2
btemp                     temp         00002A
end_of_initialization     cinit        000FBE
i2EnviaDato@a             cstackCOMRAM 000004
i2EscribeLCD_c@a          cstackCOMRAM 000005
i2MensajeLCD_Var@a        cstackCOMRAM 000006
i2MensajeLCD_Var@i        cstackCOMRAM 00000A
i2RetardoLCD@a            cstackCOMRAM 000002
i2_EnviaDato              text20       000E9C
i2_EscribeLCD_c           text19       00103A
i2_HabilitaLCD            text22       001072
i2_MensajeLCD_Var         text17       000C40
i2_RetardoLCD             text21       000D9E
i2_strlen                 text18       000F24
i2strlen@cp               cstackCOMRAM 000003
i2strlen@s                cstackCOMRAM 000001
int$flags                 temp         00002A
int_func                  intcode_body 000CCA
intlevel0                 text         000000
intlevel1                 text         000000
intlevel2                 text         000000
intlevel3                 text         000000
isa$std                   (abs)        000001
isa$xinst                 (abs)        000000
stackhi                   (abs)        000000
stacklo                   (abs)        000000
start                     init         00000E
start_initialization      cinit        000FA0
strlen@cp                 cstackCOMRAM 000016
strlen@s                  cstackCOMRAM 000014
ttemp5                    temp         00002B
ttemp6                    temp         00002E
ttemp7                    temp         000032
wtemp8                    temp         00002B


MODULE INFORMATION

Module		Function		Class		Link	Load	Size
Proyecto.c
		_TransmitirDatos		CODE           	0A2A	0000	240
		_ISR           		CODE           	0008	0000	116
		_main          		CODE           	084C	0000	478
		_Transmitir    		CODE           	1080	0000	12
		_Recibir       		CODE           	108C	0000	12

Proyecto.c estimated size: 858

C:\Program Files\Microchip\xc8\v2.40\pic\sources\c90\common\strlen.c
		_strlen        		CODE           	0EE2	0000	66

C:\Program Files\Microchip\xc8\v2.40\pic\sources\c90\common\strlen.c estimated size: 66

LibLCDXC8.h
		_DireccionaLCD 		CODE           	1024	0000	22
		_InicializaLCD 		CODE           	0B1A	0000	156
		_EnviaDato     		CODE           	0E56	0000	70
		_MensajeLCD_Var		CODE           	0BB6	0000	138
		_EscribeLCD_c  		CODE           	100E	0000	22
		_HabilitaLCD   		CODE           	1064	0000	14
		_ConfiguraLCD  		CODE           	0FF6	0000	24
		_BorraLCD      		CODE           	1050	0000	20
		_RetardoLCD    		CODE           	0D38	0000	102

LibLCDXC8.h estimated size: 568

C:\Program Files\Microchip\xc8\v2.40\pic\sources\c90\common\lbmod.c
		___lbmod       		CODE           	0FCC	0000	42

C:\Program Files\Microchip\xc8\v2.40\pic\sources\c90\common\lbmod.c estimated size: 42

C:\Program Files\Microchip\xc8\v2.40\pic\sources\c90\common\lbdiv.c
		___lbdiv       		CODE           	0F66	0000	58

C:\Program Files\Microchip\xc8\v2.40\pic\sources\c90\common\lbdiv.c estimated size: 58

shared
		i2_MensajeLCD_Var		CODE           	0C40	0000	138
		i2_EscribeLCD_c		CODE           	103A	0000	22
		i2_EnviaDato   		CODE           	0E9C	0000	70
		__initialization		CODE           	0FA0	0000	30
		i2_HabilitaLCD 		CODE           	1072	0000	14
		i2_RetardoLCD  		CODE           	0D9E	0000	102
		i2_strlen      		CODE           	0F24	0000	66

shared estimated size: 442

C:\Program Files\Microchip\xc8\v2.40\pic\sources\c90\common\lwdiv.c
		___lwdiv       		CODE           	0E04	0000	82

C:\Program Files\Microchip\xc8\v2.40\pic\sources\c90\common\lwdiv.c estimated size: 82

